{
  "question": "Q4",
  "round": "existing_policy_round2_m2k100",
  "status": "development_pool_evidence_only",
  "execution_timestamp": "2026-08-02T17:45:29.320723+00:00",
  "random_seed": 20260802,
  "development_cells": 84,
  "secondary_read": false,
  "policy_count": 60,
  "multi_cell_policy_count": 19,
  "development_pareto_count": 4,
  "bootstrap": {
    "repeats": 2000,
    "unit": "barcode within policy",
    "interpretation": "empirical lower summary only; no model refit or calibrated coverage"
  },
  "input_sha256": {
    "data\\processed\\cell_labels.csv": "75363c84b08fc787b510920a5a8047b8740f13bb2aaf8253fce198a7340505a8",
    "results\\Q2\\experiments\\q2b_proxy_round1\\tables\\q2b_oof_predictions.csv": "b6bf4e2d157e88204ba6985df591fd6c8abdb286f61b62389de143f54c63e2c6",
    "results\\Q2\\experiments\\q2b_primary_confirmation_round1\\tables\\q2b_primary_predictions.csv": "8b43b322a20558d8c58fce6e9a4317debc2b0fe920c3ec77d2a01e306ad8a9c5",
    "results\\Q3\\experiments\\round2_joint\\tables\\joint_oof_life_predictions.csv": "16f6cf9e913990df31d3325982ae1ec6b24cc57e57e67958b4723ac47725d2d6",
    "results\\Q3\\experiments\\primary_confirmation_round1\\tables\\q3_primary_life_predictions.csv": "d93c642e323568f894e95c3594c145bbc53ba71f5a2ffbae19f96932a8f7437b",
    "results\\Q3\\experiments\\round2_joint\\tables\\joint_oof_soh120_predictions.csv": "2142661a4a592767ca8e098b023b90d4335d2252052cb6db17afad33fb340c80",
    "results\\Q3\\experiments\\primary_confirmation_round1\\tables\\q3_primary_soh120_predictions.csv": "b5ff6956dca278d289744369d02559412eeb228aaf9401fb8758bb178ceb25fe"
  },
  "script_sha256": "b114c3cc6a1010a015260856f79fdbea1c0ae35b8331c4f00724d9ffdc01496f",
  "outputs": [
    "tables/q4_existing_policy_cell_evidence.csv",
    "tables/q4_existing_policy_summary.csv",
    "tables/q4_existing_policy_development_pareto.csv",
    "figures/q4_existing_policy_pareto.png",
    "figures/q4_existing_policy_pareto.svg",
    "q4_existing_policy_report.md"
  ]
}
