{
  "question": "Q3",
  "round": "round2_joint",
  "execution_timestamp": "2026-08-02T17:38:54.013837+00:00",
  "implementation_target": "python",
  "random_seed": 20260802,
  "target_transform": "natural_log",
  "inverse_transform": "exp",
  "scope": "Train-only strict candidate comparison; Primary and Secondary are not read.",
  "validation": {
    "outer": "up to 5-fold GroupKFold by policy_table9",
    "inner": "up to 4-fold GroupKFold by policy_table9",
    "M4_prior": "P3 strategy prior cross-fitted anew within each Q3 outer-training fold",
    "soh_template": "outer-training cells only"
  },
  "methods": [
    {
      "method_id": "M1",
      "method_name": "策略参数 Ridge（设计前基线）",
      "status": "success"
    },
    {
      "method_id": "M2",
      "method_name": "早期运行特征 Ridge（运行后基线）",
      "status": "success"
    },
    {
      "method_id": "M3",
      "method_name": "策略＋早期特征联合 Ridge",
      "status": "success"
    },
    {
      "method_id": "M4",
      "method_name": "P3 策略先验＋早期残差 Ridge",
      "status": "success"
    }
  ],
  "metric_definitions": {
    "rmse_log": "ln(cycle_life_table9) 的折外 RMSE",
    "cell_equal_soh_rmse": "逐电芯未来 SOH MSE 等权平均后开方，为正式 SOH 指标",
    "future_point_pooled_soh_rmse": "合并观测点诊断指标，不能替代电芯等权指标"
  },
  "metrics": [
    {
      "model_id": "M1",
      "model_name": "策略参数 Ridge（设计前基线）",
      "k": 5,
      "rmse_log": 0.37168935907539924,
      "mae_log": 0.2755652782283463,
      "rmse_cycle": 329.90625947499376,
      "mae_cycle": 198.7198846897959,
      "overprediction_rate": 0.5609756097560976,
      "cell_equal_soh_rmse": 0.04695606184994724,
      "future_point_pooled_soh_rmse": 0.056968698475498944,
      "curve_cells": 41,
      "template_failures": 0,
      "failure_predicted_life_not_after_k": 0,
      "failure_missing_anchor": 0,
      "failure_no_future_observation": 0,
      "failure_template_anchor_denominator": 0
    },
    {
      "model_id": "M2",
      "model_name": "早期运行特征 Ridge（运行后基线）",
      "k": 5,
      "rmse_log": 0.2793637078300393,
      "mae_log": 0.1907525836486076,
      "rmse_cycle": 250.1314412063925,
      "mae_cycle": 143.6765461000866,
      "overprediction_rate": 0.5609756097560976,
      "cell_equal_soh_rmse": 0.03816666660101416,
      "future_point_pooled_soh_rmse": 0.04426827063261154,
      "curve_cells": 41,
      "template_failures": 0,
      "failure_predicted_life_not_after_k": 0,
      "failure_missing_anchor": 0,
      "failure_no_future_observation": 0,
      "failure_template_anchor_denominator": 0
    },
    {
      "model_id": "M3",
      "model_name": "策略＋早期特征联合 Ridge",
      "k": 5,
      "rmse_log": 0.26233090355539274,
      "mae_log": 0.18104579228740947,
      "rmse_cycle": 240.39427373966035,
      "mae_cycle": 137.12756802450505,
      "overprediction_rate": 0.5121951219512195,
      "cell_equal_soh_rmse": 0.035822440406572585,
      "future_point_pooled_soh_rmse": 0.042020073833093474,
      "curve_cells": 41,
      "template_failures": 0,
      "failure_predicted_life_not_after_k": 0,
      "failure_missing_anchor": 0,
      "failure_no_future_observation": 0,
      "failure_template_anchor_denominator": 0
    },
    {
      "model_id": "M4",
      "model_name": "P3 策略先验＋早期残差 Ridge",
      "k": 5,
      "rmse_log": 0.3142469154794508,
      "mae_log": 0.24925518914407316,
      "rmse_cycle": 214.99341744793153,
      "mae_cycle": 161.5171571128521,
      "overprediction_rate": 0.3902439024390244,
      "cell_equal_soh_rmse": 0.04664336734931264,
      "future_point_pooled_soh_rmse": 0.04799542189953058,
      "curve_cells": 41,
      "template_failures": 0,
      "failure_predicted_life_not_after_k": 0,
      "failure_missing_anchor": 0,
      "failure_no_future_observation": 0,
      "failure_template_anchor_denominator": 0
    },
    {
      "model_id": "M1",
      "model_name": "策略参数 Ridge（设计前基线）",
      "k": 10,
      "rmse_log": 0.37168935907539924,
      "mae_log": 0.2755652782283463,
      "rmse_cycle": 329.90625947499376,
      "mae_cycle": 198.7198846897959,
      "overprediction_rate": 0.5609756097560976,
      "cell_equal_soh_rmse": 0.04725172461239453,
      "future_point_pooled_soh_rmse": 0.05721303741092785,
      "curve_cells": 41,
      "template_failures": 0,
      "failure_predicted_life_not_after_k": 0,
      "failure_missing_anchor": 0,
      "failure_no_future_observation": 0,
      "failure_template_anchor_denominator": 0
    },
    {
      "model_id": "M2",
      "model_name": "早期运行特征 Ridge（运行后基线）",
      "k": 10,
      "rmse_log": 0.2653396470880255,
      "mae_log": 0.19074117349942285,
      "rmse_cycle": 224.65391142735552,
      "mae_cycle": 135.62796954699124,
      "overprediction_rate": 0.6097560975609756,
      "cell_equal_soh_rmse": 0.03809043206449672,
      "future_point_pooled_soh_rmse": 0.042621549178648514,
      "curve_cells": 41,
      "template_failures": 0,
      "failure_predicted_life_not_after_k": 0,
      "failure_missing_anchor": 0,
      "failure_no_future_observation": 0,
      "failure_template_anchor_denominator": 0
    },
    {
      "model_id": "M3",
      "model_name": "策略＋早期特征联合 Ridge",
      "k": 10,
      "rmse_log": 0.25940943441578335,
      "mae_log": 0.19193268994314547,
      "rmse_cycle": 225.0565647279527,
      "mae_cycle": 137.55666871943052,
      "overprediction_rate": 0.5365853658536586,
      "cell_equal_soh_rmse": 0.03771507074539004,
      "future_point_pooled_soh_rmse": 0.042348286548886366,
      "curve_cells": 41,
      "template_failures": 0,
      "failure_predicted_life_not_after_k": 0,
      "failure_missing_anchor": 0,
      "failure_no_future_observation": 0,
      "failure_template_anchor_denominator": 0
    },
    {
      "model_id": "M4",
      "model_name": "P3 策略先验＋早期残差 Ridge",
      "k": 10,
      "rmse_log": 0.29652454374248843,
      "mae_log": 0.24492706221419472,
      "rmse_cycle": 209.23593747801115,
      "mae_cycle": 160.26195124827615,
      "overprediction_rate": 0.43902439024390244,
      "cell_equal_soh_rmse": 0.046984668244924414,
      "future_point_pooled_soh_rmse": 0.048388130348718555,
      "curve_cells": 41,
      "template_failures": 0,
      "failure_predicted_life_not_after_k": 0,
      "failure_missing_anchor": 0,
      "failure_no_future_observation": 0,
      "failure_template_anchor_denominator": 0
    },
    {
      "model_id": "M1",
      "model_name": "策略参数 Ridge（设计前基线）",
      "k": 20,
      "rmse_log": 0.37168935907539924,
      "mae_log": 0.2755652782283463,
      "rmse_cycle": 329.90625947499376,
      "mae_cycle": 198.7198846897959,
      "overprediction_rate": 0.5609756097560976,
      "cell_equal_soh_rmse": 0.04762614281228283,
      "future_point_pooled_soh_rmse": 0.05766169316538732,
      "curve_cells": 41,
      "template_failures": 0,
      "failure_predicted_life_not_after_k": 0,
      "failure_missing_anchor": 0,
      "failure_no_future_observation": 0,
      "failure_template_anchor_denominator": 0
    },
    {
      "model_id": "M2",
      "model_name": "早期运行特征 Ridge（运行后基线）",
      "k": 20,
      "rmse_log": 0.3010264861895247,
      "mae_log": 0.2020859287448671,
      "rmse_cycle": 224.91945951737435,
      "mae_cycle": 140.01555494650938,
      "overprediction_rate": 0.6097560975609756,
      "cell_equal_soh_rmse": 0.03987062792766346,
      "future_point_pooled_soh_rmse": 0.04436882450586582,
      "curve_cells": 41,
      "template_failures": 0,
      "failure_predicted_life_not_after_k": 0,
      "failure_missing_anchor": 0,
      "failure_no_future_observation": 0,
      "failure_template_anchor_denominator": 0
    },
    {
      "model_id": "M3",
      "model_name": "策略＋早期特征联合 Ridge",
      "k": 20,
      "rmse_log": 0.26311895795521695,
      "mae_log": 0.18956996616545815,
      "rmse_cycle": 224.68821737804382,
      "mae_cycle": 137.95649104409924,
      "overprediction_rate": 0.5365853658536586,
      "cell_equal_soh_rmse": 0.03726746186675539,
      "future_point_pooled_soh_rmse": 0.04251660395723523,
      "curve_cells": 41,
      "template_failures": 0,
      "failure_predicted_life_not_after_k": 0,
      "failure_missing_anchor": 0,
      "failure_no_future_observation": 0,
      "failure_template_anchor_denominator": 0
    },
    {
      "model_id": "M4",
      "model_name": "P3 策略先验＋早期残差 Ridge",
      "k": 20,
      "rmse_log": 0.2974204197289954,
      "mae_log": 0.24081316279236437,
      "rmse_cycle": 190.91413789726326,
      "mae_cycle": 151.64330100337486,
      "overprediction_rate": 0.4146341463414634,
      "cell_equal_soh_rmse": 0.0461286245571059,
      "future_point_pooled_soh_rmse": 0.045879461116155706,
      "curve_cells": 41,
      "template_failures": 0,
      "failure_predicted_life_not_after_k": 0,
      "failure_missing_anchor": 0,
      "failure_no_future_observation": 0,
      "failure_template_anchor_denominator": 0
    },
    {
      "model_id": "M1",
      "model_name": "策略参数 Ridge（设计前基线）",
      "k": 50,
      "rmse_log": 0.37168935907539924,
      "mae_log": 0.2755652782283463,
      "rmse_cycle": 329.90625947499376,
      "mae_cycle": 198.7198846897959,
      "overprediction_rate": 0.5609756097560976,
      "cell_equal_soh_rmse": 0.04828437950548497,
      "future_point_pooled_soh_rmse": 0.058829394724922685,
      "curve_cells": 41,
      "template_failures": 0,
      "failure_predicted_life_not_after_k": 0,
      "failure_missing_anchor": 0,
      "failure_no_future_observation": 0,
      "failure_template_anchor_denominator": 0
    },
    {
      "model_id": "M2",
      "model_name": "早期运行特征 Ridge（运行后基线）",
      "k": 50,
      "rmse_log": 0.28380385564888394,
      "mae_log": 0.19945419035709036,
      "rmse_cycle": 223.49522542217179,
      "mae_cycle": 140.08799988050637,
      "overprediction_rate": 0.5609756097560976,
      "cell_equal_soh_rmse": 0.037981907355508965,
      "future_point_pooled_soh_rmse": 0.04229498366743676,
      "curve_cells": 41,
      "template_failures": 0,
      "failure_predicted_life_not_after_k": 0,
      "failure_missing_anchor": 0,
      "failure_no_future_observation": 0,
      "failure_template_anchor_denominator": 0
    },
    {
      "model_id": "M3",
      "model_name": "策略＋早期特征联合 Ridge",
      "k": 50,
      "rmse_log": 0.29388072730010667,
      "mae_log": 0.20012608026751924,
      "rmse_cycle": 242.82747174881695,
      "mae_cycle": 146.98664546401125,
      "overprediction_rate": 0.4634146341463415,
      "cell_equal_soh_rmse": 0.03783346236128214,
      "future_point_pooled_soh_rmse": 0.04281257612602741,
      "curve_cells": 41,
      "template_failures": 0,
      "failure_predicted_life_not_after_k": 0,
      "failure_missing_anchor": 0,
      "failure_no_future_observation": 0,
      "failure_template_anchor_denominator": 0
    },
    {
      "model_id": "M4",
      "model_name": "P3 策略先验＋早期残差 Ridge",
      "k": 50,
      "rmse_log": 0.3501443628871543,
      "mae_log": 0.2817411741529715,
      "rmse_cycle": 221.3972625595109,
      "mae_cycle": 175.16044126231495,
      "overprediction_rate": 0.36585365853658536,
      "cell_equal_soh_rmse": 0.05086696253207522,
      "future_point_pooled_soh_rmse": 0.051185542072533514,
      "curve_cells": 41,
      "template_failures": 0,
      "failure_predicted_life_not_after_k": 0,
      "failure_missing_anchor": 0,
      "failure_no_future_observation": 0,
      "failure_template_anchor_denominator": 0
    },
    {
      "model_id": "M1",
      "model_name": "策略参数 Ridge（设计前基线）",
      "k": 100,
      "rmse_log": 0.37168935907539924,
      "mae_log": 0.2755652782283463,
      "rmse_cycle": 329.90625947499376,
      "mae_cycle": 198.7198846897959,
      "overprediction_rate": 0.5609756097560976,
      "cell_equal_soh_rmse": 0.049274687679139464,
      "future_point_pooled_soh_rmse": 0.060934565253076806,
      "curve_cells": 41,
      "template_failures": 0,
      "failure_predicted_life_not_after_k": 0,
      "failure_missing_anchor": 0,
      "failure_no_future_observation": 0,
      "failure_template_anchor_denominator": 0
    },
    {
      "model_id": "M2",
      "model_name": "早期运行特征 Ridge（运行后基线）",
      "k": 100,
      "rmse_log": 0.2317370843306235,
      "mae_log": 0.17008424662810068,
      "rmse_cycle": 199.45491050407034,
      "mae_cycle": 122.16591647847777,
      "overprediction_rate": 0.5121951219512195,
      "cell_equal_soh_rmse": 0.03475274764775809,
      "future_point_pooled_soh_rmse": 0.0390711556796698,
      "curve_cells": 41,
      "template_failures": 0,
      "failure_predicted_life_not_after_k": 0,
      "failure_missing_anchor": 0,
      "failure_no_future_observation": 0,
      "failure_template_anchor_denominator": 0
    },
    {
      "model_id": "M3",
      "model_name": "策略＋早期特征联合 Ridge",
      "k": 100,
      "rmse_log": 0.2501002024805724,
      "mae_log": 0.1842387882248891,
      "rmse_cycle": 205.70891667891487,
      "mae_cycle": 128.69395007545168,
      "overprediction_rate": 0.5121951219512195,
      "cell_equal_soh_rmse": 0.0365173446133777,
      "future_point_pooled_soh_rmse": 0.04054207667450173,
      "curve_cells": 41,
      "template_failures": 0,
      "failure_predicted_life_not_after_k": 0,
      "failure_missing_anchor": 0,
      "failure_no_future_observation": 0,
      "failure_template_anchor_denominator": 0
    },
    {
      "model_id": "M4",
      "model_name": "P3 策略先验＋早期残差 Ridge",
      "k": 100,
      "rmse_log": 0.30114127485597136,
      "mae_log": 0.2262864419424819,
      "rmse_cycle": 193.0584378579228,
      "mae_cycle": 145.24507652735838,
      "overprediction_rate": 0.36585365853658536,
      "cell_equal_soh_rmse": 0.04428120054909097,
      "future_point_pooled_soh_rmse": 0.04372806091302585,
      "curve_cells": 41,
      "template_failures": 0,
      "failure_predicted_life_not_after_k": 0,
      "failure_missing_anchor": 0,
      "failure_no_future_observation": 0,
      "failure_template_anchor_denominator": 0
    }
  ],
  "input_sha256": {
    "p0_summary.json": "5c58b109351bbf507c1d90ac3ae1a0a16b30c885721b24da71e6e44fae50af4f",
    "cell_labels.csv": "75363c84b08fc787b510920a5a8047b8740f13bb2aaf8253fce198a7340505a8",
    "cycle_model_view.csv": "c8cef3e86a2472e92f37253333e9b853c43164a1bc6a976bff8977b150f45e75",
    "early_features_k5.csv": "d26e8149ca236ff514d6a711b78905c64635c41bccc3837fc1790ad9c6419400",
    "early_features_k10.csv": "e5c97421bbe0618e1efdc5161440644866ba168f2f2a15d9c3e16ff844d2068f",
    "early_features_k20.csv": "0bc6d996eaeff3588a4dad2bd9bf3a65dc361a4c12c111b7d0442a00f65ff2dd",
    "early_features_k50.csv": "d253860ee796a6c96830124d1eb4a3e28c13a3b43e87f5c6e67d43bb69f04460",
    "early_features_k100.csv": "607b789e1a37ce582087f882c05d329b5635d16bfd08cd4bd69758156b7b159e"
  },
  "script_sha256": "f8d418a98aed0c085a085ab5f5a89ed8d4b9a6c958ee78e7246026c5a8dd81ec",
  "environment": {
    "python": "3.12.13 (main, Mar  3 2026, 15:01:35) [MSC v.1944 64 bit (AMD64)]",
    "platform": "Windows-11-10.0.26200-SP0",
    "scikit_learn": "1.9.0"
  },
  "warnings": [
    "Round 2 是 Train-only 比较，不自动锁定模型或窗口；Round 1 早期特征输出不再代表 V2.1 的联合模型。"
  ]
}
