{
  "question": "Q3",
  "round": "round3_raw_curve_challenger",
  "execution_timestamp": "2026-08-02T17:39:42.968367+00:00",
  "implementation_target": "python+matlab_precomputed_features",
  "random_seed": 20260802,
  "scope": "Train-only challenger; no Primary/Secondary read.",
  "raw_feature_definition": "I>0.1A charge points of raw MAT cycles accepted by the six-field deep audit; features are charge-voltage mean average, p95 average and p95 slope.",
  "metrics": [
    {
      "model_id": "M3R",
      "model_name": "策略＋早期＋低维RAW电压 Ridge",
      "k": 5,
      "rmse_log": 0.24069596611644395,
      "mae_log": 0.1571423730710565,
      "rmse_cycle": 215.17982940239278,
      "mae_cycle": 115.12841403199724,
      "overprediction_rate": 0.43902439024390244,
      "cell_equal_soh_rmse": 0.03299404832342137,
      "future_point_pooled_soh_rmse": 0.03828823018086687,
      "curve_cells": 41,
      "template_failures": 0,
      "failure_predicted_life_not_after_k": 0,
      "failure_missing_anchor": 0,
      "failure_no_future_observation": 0,
      "failure_template_anchor_denominator": 0
    },
    {
      "model_id": "M3R",
      "model_name": "策略＋早期＋低维RAW电压 Ridge",
      "k": 10,
      "rmse_log": 0.2871080126585327,
      "mae_log": 0.1924048315733999,
      "rmse_cycle": 249.48672421310602,
      "mae_cycle": 138.07728030697996,
      "overprediction_rate": 0.5365853658536586,
      "cell_equal_soh_rmse": 0.03573834371428796,
      "future_point_pooled_soh_rmse": 0.042392238681174824,
      "curve_cells": 41,
      "template_failures": 0,
      "failure_predicted_life_not_after_k": 0,
      "failure_missing_anchor": 0,
      "failure_no_future_observation": 0,
      "failure_template_anchor_denominator": 0
    },
    {
      "model_id": "M3R",
      "model_name": "策略＋早期＋低维RAW电压 Ridge",
      "k": 20,
      "rmse_log": 0.2593052031169744,
      "mae_log": 0.1811978141434356,
      "rmse_cycle": 213.1932708355784,
      "mae_cycle": 127.20425227479197,
      "overprediction_rate": 0.5365853658536586,
      "cell_equal_soh_rmse": 0.03416484955000406,
      "future_point_pooled_soh_rmse": 0.03874357420296729,
      "curve_cells": 41,
      "template_failures": 0,
      "failure_predicted_life_not_after_k": 0,
      "failure_missing_anchor": 0,
      "failure_no_future_observation": 0,
      "failure_template_anchor_denominator": 0
    },
    {
      "model_id": "M3R",
      "model_name": "策略＋早期＋低维RAW电压 Ridge",
      "k": 50,
      "rmse_log": 0.30998062861029135,
      "mae_log": 0.20852296609217313,
      "rmse_cycle": 258.2907794568181,
      "mae_cycle": 149.7050309984193,
      "overprediction_rate": 0.4634146341463415,
      "cell_equal_soh_rmse": 0.038073040828597256,
      "future_point_pooled_soh_rmse": 0.0446899168185038,
      "curve_cells": 41,
      "template_failures": 0,
      "failure_predicted_life_not_after_k": 0,
      "failure_missing_anchor": 0,
      "failure_no_future_observation": 0,
      "failure_template_anchor_denominator": 0
    },
    {
      "model_id": "M3R",
      "model_name": "策略＋早期＋低维RAW电压 Ridge",
      "k": 100,
      "rmse_log": 0.2715121012016686,
      "mae_log": 0.19180353638289765,
      "rmse_cycle": 223.41222417916532,
      "mae_cycle": 135.74749270039945,
      "overprediction_rate": 0.5365853658536586,
      "cell_equal_soh_rmse": 0.036359273073883584,
      "future_point_pooled_soh_rmse": 0.04202645272371549,
      "curve_cells": 41,
      "template_failures": 0,
      "failure_predicted_life_not_after_k": 0,
      "failure_missing_anchor": 0,
      "failure_no_future_observation": 0,
      "failure_template_anchor_denominator": 0
    }
  ],
  "comparison_with_M3": [
    {
      "k": 5,
      "rmse_log_m3": 0.2623309035553927,
      "mae_log_m3": 0.1810457922874094,
      "cell_equal_soh_rmse_m3": 0.0358224404065725,
      "rmse_log_m3r": 0.24069596611644395,
      "mae_log_m3r": 0.1571423730710565,
      "cell_equal_soh_rmse_m3r": 0.03299404832342137,
      "delta_rmse_log_m3r_minus_m3": -0.02163493743894873,
      "delta_mae_log_m3r_minus_m3": -0.023903419216352917,
      "delta_cell_equal_soh_rmse_m3r_minus_m3": -0.002828392083151131
    },
    {
      "k": 10,
      "rmse_log_m3": 0.2594094344157833,
      "mae_log_m3": 0.1919326899431454,
      "cell_equal_soh_rmse_m3": 0.03771507074539,
      "rmse_log_m3r": 0.2871080126585327,
      "mae_log_m3r": 0.1924048315733999,
      "cell_equal_soh_rmse_m3r": 0.03573834371428796,
      "delta_rmse_log_m3r_minus_m3": 0.027698578242749405,
      "delta_mae_log_m3r_minus_m3": 0.00047214163025449674,
      "delta_cell_equal_soh_rmse_m3r_minus_m3": -0.001976727031102042
    },
    {
      "k": 20,
      "rmse_log_m3": 0.2631189579552169,
      "mae_log_m3": 0.1895699661654581,
      "cell_equal_soh_rmse_m3": 0.0372674618667553,
      "rmse_log_m3r": 0.2593052031169744,
      "mae_log_m3r": 0.1811978141434356,
      "cell_equal_soh_rmse_m3r": 0.03416484955000406,
      "delta_rmse_log_m3r_minus_m3": -0.003813754838242478,
      "delta_mae_log_m3r_minus_m3": -0.008372152022022489,
      "delta_cell_equal_soh_rmse_m3r_minus_m3": -0.003102612316751241
    },
    {
      "k": 50,
      "rmse_log_m3": 0.2938807273001066,
      "mae_log_m3": 0.2001260802675192,
      "cell_equal_soh_rmse_m3": 0.0378334623612821,
      "rmse_log_m3r": 0.30998062861029135,
      "mae_log_m3r": 0.20852296609217313,
      "cell_equal_soh_rmse_m3r": 0.038073040828597256,
      "delta_rmse_log_m3r_minus_m3": 0.01609990131018474,
      "delta_mae_log_m3r_minus_m3": 0.008396885824653921,
      "delta_cell_equal_soh_rmse_m3r_minus_m3": 0.00023957846731515603
    },
    {
      "k": 100,
      "rmse_log_m3": 0.2501002024805724,
      "mae_log_m3": 0.1842387882248891,
      "cell_equal_soh_rmse_m3": 0.0365173446133777,
      "rmse_log_m3r": 0.2715121012016686,
      "mae_log_m3r": 0.19180353638289765,
      "cell_equal_soh_rmse_m3r": 0.036359273073883584,
      "delta_rmse_log_m3r_minus_m3": 0.021411898721096168,
      "delta_mae_log_m3r_minus_m3": 0.007564748158008561,
      "delta_cell_equal_soh_rmse_m3r_minus_m3": -0.00015807153949411873
    }
  ],
  "input_sha256": {
    "early_features_k5.csv": "d26e8149ca236ff514d6a711b78905c64635c41bccc3837fc1790ad9c6419400",
    "early_features_k10.csv": "e5c97421bbe0618e1efdc5161440644866ba168f2f2a15d9c3e16ff844d2068f",
    "early_features_k20.csv": "0bc6d996eaeff3588a4dad2bd9bf3a65dc361a4c12c111b7d0442a00f65ff2dd",
    "early_features_k50.csv": "d253860ee796a6c96830124d1eb4a3e28c13a3b43e87f5c6e67d43bb69f04460",
    "early_features_k100.csv": "607b789e1a37ce582087f882c05d329b5635d16bfd08cd4bd69758156b7b159e",
    "raw_curve_features_train_k5.csv": "c9a3820e72ebc956ff421dddd76b3c909104500836b3dde98a2edee08a54321c",
    "raw_curve_features_train_k10.csv": "c2f75116dc2cd4e252b182cdc735e00f1dbd32e9bc00c269d04137f33ea33c2a",
    "raw_curve_features_train_k20.csv": "9e585aafe1515570fe05e0a6e018b720b6f0c68c41f710ba25b3bc847827eb33",
    "raw_curve_features_train_k50.csv": "a452a88ab2d93faab5491905d12eecc1ebd0c8008694b1f16392c7a79144f052",
    "raw_curve_features_train_k100.csv": "62bc1684469a366ec31e022646bb88e255f8fe4ef8e33f6ae071a6b7afa3b96d",
    "cell_labels.csv": "75363c84b08fc787b510920a5a8047b8740f13bb2aaf8253fce198a7340505a8",
    "cycle_model_view.csv": "c8cef3e86a2472e92f37253333e9b853c43164a1bc6a976bff8977b150f45e75",
    "mat_deep_cycle_flags.csv": "e0217d0474bf062d32c605a631ea50bc90fa376e75a2a27402b57efdbed5a1e9"
  },
  "script_sha256": "c06c2ef109a954fdb3ebd2181780f1bd82926e49a15c10af835bbb2599dd1e58",
  "environment": {
    "python": "3.12.13 (main, Mar  3 2026, 15:01:35) [MSC v.1944 64 bit (AMD64)]",
    "platform": "Windows-11-10.0.26200-SP0",
    "scikit_learn": "1.9.0"
  },
  "warning": "Point comparison is not a selection verdict; require policy bootstrap before any retention claim."
}
